AR elcell arch C:/Users/Ivan/Documents/FPGA/Lffsrttest/eLCeLL.vhd sub00/vhpl01 1670952472
EN elcell NULL C:/Users/Ivan/Documents/FPGA/Lffsrttest/eLCeLL.vhd sub00/vhpl00 1670952471
AR lfsr arch C:/Users/Ivan/Documents/FPGA/Lffsrttest/LFSR.vhd sub00/vhpl03 1670952474
EN lfsr NULL C:/Users/Ivan/Documents/FPGA/Lffsrttest/LFSR.vhd sub00/vhpl02 1670952473
