EN frqdiv2 NULL C:/Users/Ivan/Documents/FPGA/practise2/frqDiv2.vhd sub00/vhpl00 1669671306
EN frqdivn NULL C:/Users/Ivan/Documents/FPGA/practise2/frqDivN.vhd sub00/vhpl02 1669671308
AR frqdivn structural C:/Users/Ivan/Documents/FPGA/practise2/frqDivN.vhd sub00/vhpl03 1669671309
AR frqdiv2 structural C:/Users/Ivan/Documents/FPGA/practise2/frqDiv2.vhd sub00/vhpl01 1669671307
