EN lcells NULL C:/Users/Ivan/Documents/FPGA/LFSR/LCeLLS.vhd sub00/vhpl02 1670884131
AR elcell structural C:/Users/Ivan/Documents/FPGA/LFSR/eLCeLL.vhd sub00/vhpl01 1670884130
EN elcell NULL C:/Users/Ivan/Documents/FPGA/LFSR/eLCeLL.vhd sub00/vhpl00 1670884129
AR lcells structural C:/Users/Ivan/Documents/FPGA/LFSR/LCeLLS.vhd sub00/vhpl03 1670884132
