V3 25
FL C:/Users/Ivan/Documents/FPGA/LFSR_3/eLCeLL.vhd 2022/12/13.22:15:54 P.20131013
EN work/eLCeLL 1671613999 FL C:/Users/Ivan/Documents/FPGA/LFSR_3/eLCeLL.vhd \
      PB ieee/std_logic_1164 1381692176
AR work/eLCeLL/Structural 1671614000 \
      FL C:/Users/Ivan/Documents/FPGA/LFSR_3/eLCeLL.vhd EN work/eLCeLL 1671613999
FL C:/Users/Ivan/Documents/FPGA/LFSR_3/frqDiv2.vhd 2022/12/13.20:07:57 P.20131013
EN work/frqDiv2 1671614001 FL C:/Users/Ivan/Documents/FPGA/LFSR_3/frqDiv2.vhd \
      PB ieee/std_logic_1164 1381692176
AR work/frqDiv2/Structural 1671614002 \
      FL C:/Users/Ivan/Documents/FPGA/LFSR_3/frqDiv2.vhd EN work/frqDiv2 1671614001
FL C:/Users/Ivan/Documents/FPGA/LFSR_3/frqDivN.vhd 2022/12/13.22:42:26 P.20131013
EN work/frqDivN 1671614003 FL C:/Users/Ivan/Documents/FPGA/LFSR_3/frqDivN.vhd \
      PB ieee/std_logic_1164 1381692176
AR work/frqDivN/Structural 1671614004 \
      FL C:/Users/Ivan/Documents/FPGA/LFSR_3/frqDivN.vhd EN work/frqDivN 1671614003 \
      CP frqDiv2
FL C:/Users/Ivan/Documents/FPGA/LFSR_3/LFSR.vhd 2022/12/13.22:22:34 P.20131013
EN work/LFSR 1671614005 FL C:/Users/Ivan/Documents/FPGA/LFSR_3/LFSR.vhd \
      PB ieee/std_logic_1164 1381692176
AR work/LFSR/Structural 1671614006 \
      FL C:/Users/Ivan/Documents/FPGA/LFSR_3/LFSR.vhd EN work/LFSR 1671614005 \
      CP eLCeLL
FL C:/Users/Ivan/Documents/FPGA/LFSR_3/LFSR_top.vhd 2022/12/13.22:56:21 P.20131013
EN work/LFSR_top 1671614009 FL C:/Users/Ivan/Documents/FPGA/LFSR_3/LFSR_top.vhd \
      PB ieee/std_logic_1164 1381692176 PB ieee/std_logic_arith 1381692177 \
      LB UNISIM PH unisim/VCOMPONENTS 1381692182
AR work/LFSR_top/Behavioral 1671614010 \
      FL C:/Users/Ivan/Documents/FPGA/LFSR_3/LFSR_top.vhd EN work/LFSR_top 1671614009 \
      CP frqDivN CP LFSR CP SGM CP bufg
FL C:/Users/Ivan/Documents/FPGA/LFSR_3/SGM.vhd 2022/12/13.22:10:30 P.20131013
EN work/SGM 1671614007 FL C:/Users/Ivan/Documents/FPGA/LFSR_3/SGM.vhd \
      PB ieee/std_logic_1164 1381692176
AR work/SGM/Structural 1671614008 \
      FL C:/Users/Ivan/Documents/FPGA/LFSR_3/SGM.vhd EN work/SGM 1671614007
