EN sgm NULL C:/Users/Ivan/Documents/FPGA/Pract_2/sgm.vhd sub00/vhpl07 1667489470
EN frqdiv2 NULL C:/Users/Ivan/Documents/FPGA/Prac_2/frqDiv2.vhd sub00/vhpl00 1667489464
AR cnt4bit structural C:/Users/Ivan/Documents/FPGA/Prac_2/cnt4bit.vhd sub00/vhpl10 1667489469
EN cnt4bit NULL C:/Users/Ivan/Documents/FPGA/Prac_2/cnt4bit.vhd sub00/vhpl09 1667489468
AR prac_2_top behavioral C:/Users/Ivan/Documents/FPGA/Prac_2/Pra_2_top.vhd sub00/vhpl06 1667489473
AR frqdivn behavioral C:/Users/Ivan/Documents/FPGA/Prac_2/frqDivN.vhd sub00/vhpl03 1667482758
EN prac_2_top NULL C:/Users/Ivan/Documents/FPGA/Prac_2/Pra_2_top.vhd sub00/vhpl05 1667489472
EN frqdivn NULL C:/Users/Ivan/Documents/FPGA/Prac_2/frqDivN.vhd sub00/vhpl02 1667489466
AR sgm structural C:/Users/Ivan/Documents/FPGA/Pract_2/sgm.vhd sub00/vhpl08 1667489471
AR frqdivn structural C:/Users/Ivan/Documents/FPGA/Prac_2/frqDivN.vhd sub00/vhpl04 1667489467
AR frqdiv2 structural C:/Users/Ivan/Documents/FPGA/Prac_2/frqDiv2.vhd sub00/vhpl01 1667489465
