AR ad_top behavioral C:/Users/Ivan/Documents/FPGA/AdditionalTask/ad_top.vhd sub00/vhpl05 1670966668
EN frqdiv2 NULL C:/Users/Ivan/Documents/FPGA/Prac_2/frqDiv2.vhd sub00/vhpl00 1667840961
EN ad_top NULL C:/Users/Ivan/Documents/FPGA/AdditionalTask/ad_top.vhd sub00/vhpl04 1670966667
EN frqdivn NULL C:/Users/Ivan/Documents/FPGA/Prac_2/frqDivN.vhd sub00/vhpl02 1667840963
AR frqdivn structural C:/Users/Ivan/Documents/FPGA/Prac_2/frqDivN.vhd sub00/vhpl03 1667840964
AR frqdiv2 structural C:/Users/Ivan/Documents/FPGA/Prac_2/frqDiv2.vhd sub00/vhpl01 1667840962
