V3 12
FL C:/Users/Ivan/Documents/FPGA/AdditionalTask/ad_top.vhd 2022/11/22.15:27:45 P.20131013
EN work/ad_top 1670966667 \
      FL C:/Users/Ivan/Documents/FPGA/AdditionalTask/ad_top.vhd \
      PB ieee/std_logic_1164 1381692176 LB UNISIM PH unisim/VCOMPONENTS 1381692182
AR work/ad_top/Behavioral 1670966668 \
      FL C:/Users/Ivan/Documents/FPGA/AdditionalTask/ad_top.vhd EN work/ad_top 1670966667 \
      CP bufg
FL C:/Users/Ivan/Documents/FPGA/Prac_2/frqDiv2.vhd 2022/11/03.16:29:56 P.20131013
EN work/frqDiv2 1667840961 FL C:/Users/Ivan/Documents/FPGA/Prac_2/frqDiv2.vhd \
      PB ieee/std_logic_1164 1381692176
AR work/frqDiv2/Structural 1667840962 \
      FL C:/Users/Ivan/Documents/FPGA/Prac_2/frqDiv2.vhd EN work/frqDiv2 1667840961
FL C:/Users/Ivan/Documents/FPGA/Prac_2/frqDivN.vhd 2022/11/04.14:29:18 P.20131013
EN work/frqDivN 1667840963 FL C:/Users/Ivan/Documents/FPGA/Prac_2/frqDivN.vhd \
      PB ieee/std_logic_1164 1381692176
AR work/frqDivN/Structural 1667840964 \
      FL C:/Users/Ivan/Documents/FPGA/Prac_2/frqDivN.vhd EN work/frqDivN 1667840963 \
      CP frqDiv2
