V3 3
FL C:/Users/Ivan/Documents/FPGA/HW1/eLCeLL.vhd 2022/11/29.00:00:12 P.20131013
EN work/eLCeLL 1669672857 FL C:/Users/Ivan/Documents/FPGA/HW1/eLCeLL.vhd \
      PB ieee/std_logic_1164 1381692176
AR work/eLCeLL/Structural 1669672858 \
      FL C:/Users/Ivan/Documents/FPGA/HW1/eLCeLL.vhd EN work/eLCeLL 1669672857
